// Jest Snapshot v1, https://goo.gl/fbAQLP

exports[`Overview component renders Overview by default 1`] = `
<article
  className="overview"
>
  <h2
    className="lg-title"
  >
    Welcome to the logging app!
  </h2>
  <div>
    <p>
      You can create logs by pressing start or stop,
    </p>
    <p>
      view your logs by clicking on the View tab at the top,
    </p>
    <p>
      and highlight logs you want to adjust.
    </p>
  </div>
  <button
    className="lg-btn lg-btn-light mt-2"
    onClick={[Function]}
  >
     Next
  </button>
</article>
`;
