// Jest Snapshot v1, https://goo.gl/fbAQLP

exports[`LogList component renders LogList by default 1`] = `
<section
  className="log-list"
>
  <h3
    className="lg-title"
  >
    Logs
  </h3>
  <form
    action=""
    className="log-list-form mt-1"
    id="logs-select-form"
  >
    <select
      aria-label="Select logs you would like to format. Selected logs can be formatted in any format logs box on the page."
      aria-required="true"
      id="logs-list-select"
      multiple={true}
      name="logs"
      onChange={[Function]}
    />
  </form>
  <aside
    className="note mt-2"
  >
    Select logs to format them. The original time is preserved.
  </aside>
  <aside
    className="note"
  >
    Try 01:01 to get the original.
  </aside>
</section>
`;
