// Jest Snapshot v1, https://goo.gl/fbAQLP

exports[`CalendarPicker component renders CalendarPicker by default 1`] = `
<Fragment>
  <n
    className="full "
    closeOnClickOutside={true}
    closeOnSelect={false}
    closeOnTab={true}
    dateFormat="MM/DD/YYYY"
    input={true}
    inputProps={
      Object {
        "aria-label": "Select a day.",
      }
    }
    isValidDate={[Function]}
    onBeforeNavigate={[Function]}
    onCalendarClose={[Function]}
    onCalendarOpen={[Function]}
    onChange={[Function]}
    onClose={[Function]}
    onNavigate={[Function]}
    onNavigateBack={[Function]}
    onNavigateForward={[Function]}
    onOpen={[Function]}
    strictParsing={true}
    timeConstraints={Object {}}
    timeFormat={false}
    utc={false}
    value={null}
  />
  <span
    className="short calendar-type"
  >
    D
     :
  </span>
  <n
    className="short "
    closeOnClickOutside={true}
    closeOnSelect={false}
    closeOnTab={true}
    dateFormat="DD"
    input={true}
    inputProps={
      Object {
        "aria-label": "Select a day.",
      }
    }
    isValidDate={[Function]}
    onBeforeNavigate={[Function]}
    onCalendarClose={[Function]}
    onCalendarOpen={[Function]}
    onChange={[Function]}
    onClose={[Function]}
    onNavigate={[Function]}
    onNavigateBack={[Function]}
    onNavigateForward={[Function]}
    onOpen={[Function]}
    strictParsing={true}
    timeConstraints={Object {}}
    timeFormat={false}
    utc={false}
    value={null}
  />
</Fragment>
`;
